// Jest Snapshot v1, https://goo.gl/fbAQLP

exports[`store/updater returns initial state 1`] = `
Object {
  "credentials": Object {},
  "db": Object {
    "commits": Object {},
    "repositories": Object {},
    "tokens": Object {},
    "users": Object {},
  },
  "logs": Array [],
  "serverConfiguration": Object {},
}
`;
